[radiustheme.com/demo/wordpress/themes/techkit/home-2/index.html]
[backblue.gif]
[fade.gif]
[index.html]
[radiustheme.com/demo/wordpress/themes/techkit/wp-content/plugins/elementor/assets/lib/font-awesome/css/fontawesome.min.css]
[radiustheme.com/demo/wordpress/themes/techkit/wp-content/plugins/elementor/assets/lib/font-awesome/css/regular.min.css]
[radiustheme.com/demo/wordpress/themes/techkit/wp-content/plugins/elementor/assets/lib/font-awesome/css/solid.min.css]
[radiustheme.com/demo/wordpress/themes/techkit/wp-content/themes/techkit/assets/css/font-awesome.min.css]
[radiustheme.com/demo/wordpress/themes/techkit/wp-content/plugins/woocommerce/assets/css/photoswipe/photoswipe.min.css]
[radiustheme.com/demo/wordpress/themes/techkit/wp-content/plugins/woocommerce/assets/css/photoswipe/default-skin/default-skin.min.css]
[radiustheme.com/demo/wordpress/themes/techkit/wp-content/plugins/elementor/assets/lib/eicons/css/elementor-icons.min.css]
[radiustheme.com/demo/wordpress/themes/techkit/wp-content/plugins/elementor/assets/lib/swiper/v8/css/swiper.min.css]
[radiustheme.com/demo/wordpress/themes/techkit/wp-content/cache/wpo-minify/1719296076/assets/wpo-minify-header-68d941b8.min.css]
[radiustheme.com/demo/wordpress/themes/techkit/wp-content/cache/wpo-minify/1719296076/assets/wpo-minify-header-347b056e.min.js]
[radiustheme.com/demo/wordpress/themes/techkit/wp-content/cache/wpo-minify/1719296076/assets/wpo-minify-header-0b744546.min.js]
[radiustheme.com/demo/wordpress/themes/techkit/wp-content/cache/wpo-minify/1719296076/assets/wpo-minify-header-a35d1031.min.js]
[radiustheme.com/demo/wordpress/themes/techkit/wp-content/cache/wpo-minify/1719296076/assets/wpo-minify-header-8a3744c5.min.js]
[radiustheme.com/demo/wordpress/themes/techkit/wp-content/uploads/2021/08/favicon.png]
[radiustheme.com/demo/wordpress/themes/techkit/wp-content/uploads/2021/07/Vector-Shape-Hero-2.png]
[radiustheme.com/demo/wordpress/themes/techkit/wp-content/uploads/2021/07/Man.png]
[radiustheme.com/demo/wordpress/themes/techkit/wp-content/uploads/2021/07/Women.png]
[radiustheme.com/demo/wordpress/themes/techkit/wp-content/uploads/2021/07/Terget.png]
[radiustheme.com/demo/wordpress/themes/techkit/wp-content/uploads/2021/07/setting.png]
[radiustheme.com/demo/wordpress/themes/techkit/wp-content/uploads/2021/07/book-1.png]
[radiustheme.com/demo/wordpress/themes/techkit/wp-content/uploads/2021/07/Blub.png]
[radiustheme.com/demo/wordpress/themes/techkit/wp-content/uploads/2021/07/about-vector.png]
[radiustheme.com/demo/wordpress/themes/techkit/wp-content/uploads/2021/07/about-vector-2.png]
[radiustheme.com/demo/wordpress/themes/techkit/wp-content/uploads/2021/08/case_01-570x390.jpg]
[radiustheme.com/demo/wordpress/themes/techkit/wp-content/uploads/2021/08/case_11-570x390.jpg]
[radiustheme.com/demo/wordpress/themes/techkit/wp-content/uploads/2021/08/case_12-570x390.jpg]
[radiustheme.com/demo/wordpress/themes/techkit/wp-content/uploads/2021/08/case_09-570x390.jpg]
[radiustheme.com/demo/wordpress/themes/techkit/wp-content/uploads/2021/08/case_08-570x390.jpg]
[radiustheme.com/demo/wordpress/themes/techkit/wp-content/uploads/2021/08/case_07-570x390.jpg]
[radiustheme.com/demo/wordpress/themes/techkit/wp-content/uploads/2021/06/review-author-software-1.png]
[radiustheme.com/demo/wordpress/themes/techkit/wp-content/uploads/2021/06/review-author-software-2.png]
[radiustheme.com/demo/wordpress/themes/techkit/wp-content/uploads/2021/06/review-author-software-3.png]
[radiustheme.com/demo/wordpress/themes/techkit/wp-content/uploads/2021/06/blog_01-1-550x395.jpg]
[radiustheme.com/demo/wordpress/themes/techkit/wp-content/uploads/2021/06/blog_02-550x395.jpg]
[radiustheme.com/demo/wordpress/themes/techkit/wp-content/uploads/2021/06/blog_03-550x395.jpg]
[radiustheme.com/demo/wordpress/themes/techkit/wp-content/uploads/2021/06/partners1.png]
[radiustheme.com/demo/wordpress/themes/techkit/wp-content/uploads/2021/06/partners4.png]
[radiustheme.com/demo/wordpress/themes/techkit/wp-content/uploads/2021/06/partners3.png]
[radiustheme.com/demo/wordpress/themes/techkit/wp-content/uploads/2021/06/partners8.png]
[radiustheme.com/demo/wordpress/themes/techkit/wp-content/uploads/2021/06/partners5.png]
[radiustheme.com/demo/wordpress/themes/techkit/wp-content/uploads/2021/07/newsletter-thumb.png]
[radiustheme.com/demo/wordpress/themes/techkit/wp-content/themes/techkit/assets/element/footer-shape-3.png]
[radiustheme.com/demo/wordpress/themes/techkit/wp-content/cache/wpo-minify/1719296076/assets/wpo-minify-footer-b7d23cd5.min.css]
[radiustheme.com/demo/wordpress/themes/techkit/wp-content/cache/wpo-minify/1719296076/assets/wpo-minify-footer-a955bc6b.min.js]
[radiustheme.com/demo/wordpress/themes/techkit/home-2/index.html]
[radiustheme.com/demo/wordpress/themes/techkit/wp-content/plugins/elementor/assets/lib/font-awesome/css/fontawesome.min.css]
[radiustheme.com/demo/wordpress/themes/techkit/wp-content/plugins/elementor/assets/lib/font-awesome/css/regular.min.css]
[radiustheme.com/demo/wordpress/themes/techkit/wp-content/plugins/elementor/assets/lib/font-awesome/css/solid.min.css]
[radiustheme.com/demo/wordpress/themes/techkit/wp-content/themes/techkit/assets/css/font-awesome.min.css]
[radiustheme.com/demo/wordpress/themes/techkit/wp-content/cache/wpo-minify/1719296076/assets/wpo-minify-footer-75cc087e.min.js]
[radiustheme.com/demo/wordpress/themes/techkit/wp-content/plugins/woocommerce/assets/css/photoswipe/default-skin/default-skin.png]
[radiustheme.com/demo/wordpress/themes/techkit/wp-content/plugins/woocommerce/assets/css/photoswipe/photoswipe.min.css]
[radiustheme.com/demo/wordpress/themes/techkit/wp-content/plugins/woocommerce/assets/css/photoswipe/default-skin/default-skin.svg]
[radiustheme.com/demo/wordpress/themes/techkit/wp-content/plugins/woocommerce/assets/css/photoswipe/default-skin/preloader.gif]
[radiustheme.com/demo/wordpress/themes/techkit/wp-content/plugins/woocommerce/assets/css/photoswipe/default-skin/default-skin.min.css]
[radiustheme.com/demo/wordpress/themes/techkit/wp-content/plugins/elementor/assets/lib/eicons/css/elementor-icons.min.css]
[radiustheme.com/demo/wordpress/themes/techkit/wp-content/plugins/elementor/assets/lib/swiper/v8/css/swiper.min.css]
[radiustheme.com/demo/wordpress/themes/techkit/wp-content/plugins/instagram-feed/img/sbi-sprite.png]
[radiustheme.com/demo/wordpress/themes/techkit/wp-content/uploads/2021/07/home-software-bg.png]
[radiustheme.com/demo/wordpress/themes/techkit/wp-content/themes/techkit/assets/element/shape25.png]
[radiustheme.com/demo/wordpress/themes/techkit/wp-content/cache/wpo-minify/1719296076/assets/wpo-minify-header-68d941b8.min.css]
[radiustheme.com/demo/wordpress/themes/techkit/wp-content/themes/techkit/assets/css/owl.video.play.png]
[radiustheme.com/demo/wordpress/themes/techkit/wp-content/cache/wpo-minify/1719296076/assets/wpo-minify-footer-b7d23cd5.min.css]
[radiustheme.com/demo/wordpress/themes/techkit/wp-content/plugins/woocommerce/assets/css/photoswipe/default-skin/default-skin.svg]
[radiustheme.com/demo/wordpress/themes/techkit/wp-content/themes/techkit/assets/element/shape25.html]
[radiustheme.com/demo/wordpress/themes/techkit/wp-content/themes/techkit/assets/css/owl.video.play.html]
